[    0.000000] Initializing cgroup subsys cpuset
[    0.000000] Initializing cgroup subsys cpu
[    0.000000] Initializing cgroup subsys cpuacct
[    0.000000] Linux version 4.4.0-178-generic (buildd@lgw01-amd64-017) (gcc version 5.4.0 20160609 (Ubuntu 5.4.0-6ubuntu1~16.04.12) ) #208-Ubuntu SMP Sun Apr 5 23:45:10 UTC 2020 (Ubuntu 4.4.0-178.208-generic 4.4.217)
[    0.000000] Command line: BOOT_IMAGE=/boot/vmlinuz-4.4.0-178-generic root=LABEL=cloudimg-rootfs ro console=tty1 console=ttyS0
[    0.000000] KERNEL supported cpus:
[    0.000000]   Intel GenuineIntel
[    0.000000]   AMD AuthenticAMD
[    0.000000]   Centaur CentaurHauls
[    0.000000] x86/fpu: xstate_offset[2]:  576, xstate_sizes[2]:  256
[    0.000000] x86/fpu: Supporting XSAVE feature 0x01: 'x87 floating point registers'
[    0.000000] x86/fpu: Supporting XSAVE feature 0x02: 'SSE registers'
[    0.000000] x86/fpu: Supporting XSAVE feature 0x04: 'AVX registers'
[    0.000000] x86/fpu: Enabled xstate features 0x7, context size is 832 bytes, using 'standard' format.
[    0.000000] e820: BIOS-provided physical RAM map:
[    0.000000] BIOS-e820: [mem 0x0000000000000000-0x000000000009fbff] usable
[    0.000000] BIOS-e820: [mem 0x000000000009fc00-0x000000000009ffff] reserved
[    0.000000] BIOS-e820: [mem 0x00000000000f0000-0x00000000000fffff] reserved
[    0.000000] BIOS-e820: [mem 0x0000000000100000-0x000000003ffeffff] usable
[    0.000000] BIOS-e820: [mem 0x000000003fff0000-0x000000003fffffff] ACPI data
[    0.000000] BIOS-e820: [mem 0x00000000fec00000-0x00000000fec00fff] reserved
[    0.000000] BIOS-e820: [mem 0x00000000fee00000-0x00000000fee00fff] reserved
[    0.000000] BIOS-e820: [mem 0x00000000fffc0000-0x00000000ffffffff] reserved
[    0.000000] NX (Execute Disable) protection: active
[    0.000000] SMBIOS 2.5 present.
[    0.000000] Hypervisor detected: KVM
[    0.000000] e820: last_pfn = 0x3fff0 max_arch_pfn = 0x400000000
[    0.000000] MTRR: Disabled
[    0.000000] x86/PAT: MTRRs disabled, skipping PAT initialization too.
[    0.000000] CPU MTRRs all blank - virtualized system.
[    0.000000] x86/PAT: Configuration [0-7]: WB  WT  UC- UC  WB  WT  UC- UC  
[    0.000000] found SMP MP-table at [mem 0x0009fff0-0x0009ffff] mapped at [ffff88000009fff0]
[    0.000000] Scanning 1 areas for low memory corruption
[    0.000000] RAMDISK: [mem 0x362e0000-0x37167fff]
[    0.000000] ACPI: Early table checksum verification disabled
[    0.000000] ACPI: RSDP 0x00000000000E0000 000024 (v02 VBOX  )
[    0.000000] ACPI: XSDT 0x000000003FFF0030 00003C (v01 VBOX   VBOXXSDT 00000001 ASL  00000061)
[    0.000000] ACPI: FACP 0x000000003FFF00F0 0000F4 (v04 VBOX   VBOXFACP 00000001 ASL  00000061)
[    0.000000] ACPI: DSDT 0x000000003FFF0470 002325 (v02 VBOX   VBOXBIOS 00000002 INTL 20100528)
[    0.000000] ACPI: FACS 0x000000003FFF0200 000040
[    0.000000] ACPI: FACS 0x000000003FFF0200 000040
[    0.000000] ACPI: APIC 0x000000003FFF0240 00005C (v02 VBOX   VBOXAPIC 00000001 ASL  00000061)
[    0.000000] ACPI: SSDT 0x000000003FFF02A0 0001CC (v01 VBOX   VBOXCPUT 00000002 INTL 20100528)
[    0.000000] No NUMA configuration found
[    0.000000] Faking a node at [mem 0x0000000000000000-0x000000003ffeffff]
[    0.000000] NODE_DATA(0) allocated [mem 0x3ffeb000-0x3ffeffff]
[    0.000000] kvm-clock: Using msrs 4b564d01 and 4b564d00
[    0.000000] kvm-clock: cpu 0, msr 0:3ffe3001, primary cpu clock
[    0.000000] kvm-clock: using sched offset of 3593122647 cycles
[    0.000000] clocksource: kvm-clock: mask: 0xffffffffffffffff max_cycles: 0x1cd42e4dffb, max_idle_ns: 881590591483 ns
[    0.000000] Zone ranges:
[    0.000000]   DMA      [mem 0x0000000000001000-0x0000000000ffffff]
[    0.000000]   DMA32    [mem 0x0000000001000000-0x000000003ffeffff]
[    0.000000]   Normal   empty
[    0.000000]   Device   empty
[    0.000000] Movable zone start for each node
[    0.000000] Early memory node ranges
[    0.000000]   node   0: [mem 0x0000000000001000-0x000000000009efff]
[    0.000000]   node   0: [mem 0x0000000000100000-0x000000003ffeffff]
[    0.000000] Initmem setup node 0 [mem 0x0000000000001000-0x000000003ffeffff]
[    0.000000] ACPI: PM-Timer IO Port: 0x4008
[    0.000000] IOAPIC[0]: apic_id 2, version 32, address 0xfec00000, GSI 0-23
[    0.000000] ACPI: INT_SRC_OVR (bus 0 bus_irq 0 global_irq 2 dfl dfl)
[    0.000000] ACPI: INT_SRC_OVR (bus 0 bus_irq 9 global_irq 9 low level)
[    0.000000] Using ACPI (MADT) for SMP configuration information
[    0.000000] smpboot: Allowing 2 CPUs, 0 hotplug CPUs
[    0.000000] PM: Registered nosave memory: [mem 0x00000000-0x00000fff]
[    0.000000] PM: Registered nosave memory: [mem 0x0009f000-0x0009ffff]
[    0.000000] PM: Registered nosave memory: [mem 0x000a0000-0x000effff]
[    0.000000] PM: Registered nosave memory: [mem 0x000f0000-0x000fffff]
[    0.000000] e820: [mem 0x40000000-0xfebfffff] available for PCI devices
[    0.000000] Booting paravirtualized kernel on KVM
[    0.000000] clocksource: refined-jiffies: mask: 0xffffffff max_cycles: 0xffffffff, max_idle_ns: 7645519600211568 ns
[    0.000000] setup_percpu: NR_CPUS:512 nr_cpumask_bits:512 nr_cpu_ids:2 nr_node_ids:1
[    0.000000] PERCPU: Embedded 33 pages/cpu @ffff88003fc00000 s95448 r8192 d31528 u1048576
[    0.000000] Built 1 zonelists in Node order, mobility grouping on.  Total pages: 257912
[    0.000000] Policy zone: DMA32
[    0.000000] Kernel command line: BOOT_IMAGE=/boot/vmlinuz-4.4.0-178-generic root=LABEL=cloudimg-rootfs ro console=tty1 console=ttyS0
[    0.000000] PID hash table entries: 4096 (order: 3, 32768 bytes)
[    0.000000] Memory: 997672K/1048120K available (8626K kernel code, 1336K rwdata, 4036K rodata, 1488K init, 1292K bss, 50448K reserved, 0K cma-reserved)
[    0.000000] SLUB: HWalign=64, Order=0-3, MinObjects=0, CPUs=2, Nodes=1
[    0.000000] Kernel/User page tables isolation: enabled
[    0.000000] Hierarchical RCU implementation.
[    0.000000] 	Build-time adjustment of leaf fanout to 64.
[    0.000000] 	RCU restricting CPUs from NR_CPUS=512 to nr_cpu_ids=2.
[    0.000000] RCU: Adjusting geometry for rcu_fanout_leaf=64, nr_cpu_ids=2
[    0.000000] NR_IRQS:33024 nr_irqs:440 16
[    0.000000] Console: colour VGA+ 80x25
[    0.000000] console [tty1] enabled
[    0.000000] console [ttyS0] enabled
[    0.000000] tsc: Detected 2303.998 MHz processor
[    0.128651] Calibrating delay loop (skipped) preset value.. 4607.99 BogoMIPS (lpj=9215992)
[    0.130159] pid_max: default: 32768 minimum: 301
[    0.130977] ACPI: Core revision 20150930
[    0.132478] ACPI: 2 ACPI AML tables successfully acquired and loaded
[    0.133673] Security Framework initialized
[    0.134421] Yama: becoming mindful.
[    0.135102] AppArmor: AppArmor initialized
[    0.136070] Dentry cache hash table entries: 131072 (order: 8, 1048576 bytes)
[    0.139144] Inode-cache hash table entries: 65536 (order: 7, 524288 bytes)
[    0.140531] Mount-cache hash table entries: 2048 (order: 2, 16384 bytes)
[    0.141839] Mountpoint-cache hash table entries: 2048 (order: 2, 16384 bytes)
[    0.143099] Initializing cgroup subsys io
[    0.143912] Initializing cgroup subsys memory
[    0.144697] Initializing cgroup subsys devices
[    0.145951] Initializing cgroup subsys freezer
[    0.147092] Initializing cgroup subsys net_cls
[    0.147928] Initializing cgroup subsys perf_event
[    0.148776] Initializing cgroup subsys net_prio
[    0.150250] Initializing cgroup subsys hugetlb
[    0.151095] Initializing cgroup subsys pids
[    0.153543] mce: CPU supports 0 MCE banks
[    0.154311] Last level iTLB entries: 4KB 64, 2MB 8, 4MB 8
[    0.155260] Last level dTLB entries: 4KB 64, 2MB 0, 4MB 0, 1GB 4
[    0.156335] Spectre V1 : Mitigation: usercopy/swapgs barriers and __user pointer sanitization
[    0.158171] Spectre V2 : Mitigation: Full generic retpoline
[    0.159788] Spectre V2 : Spectre v2 / SpectreRSB mitigation: Filling RSB on context switch
[    0.161478] Speculative Store Bypass: Vulnerable
[    0.162382] MDS: Mitigation: Clear CPU buffers
[    0.165540] Freeing SMP alternatives memory: 36K
[    0.171813] ftrace: allocating 32308 entries in 127 pages
[    0.229140] smpboot: APIC(0) Converting physical 0 to logical package 0
[    0.230815] smpboot: Max logical packages: 1
[    0.231820] x2apic enabled
[    0.232798] Switched APIC routing to physical x2apic.
[    0.235144] ..TIMER: vector=0x30 apic1=0 pin1=2 apic2=-1 pin2=-1
[    0.344569] smpboot: CPU0: Intel(R) Core(TM) i5-8259U CPU @ 2.30GHz (family: 0x6, model: 0x8e, stepping: 0xa)
[    0.347103] Performance Events: unsupported p6 CPU model 142 no PMU driver, software events only.
[    0.358827] KVM setup paravirtual spinlock
[    0.360448] x86: Booting SMP configuration:
[    0.361454] .... node  #0, CPUs:      #1
[    0.362729] kvm-clock: cpu 1, msr 0:3ffe3041, secondary cpu clock
[    0.365388] mce: CPU supports 0 MCE banks
[    0.368069] x86: Booted up 1 node, 2 CPUs
[    0.369094] smpboot: Total of 2 processors activated (9215.99 BogoMIPS)
[    0.370818] devtmpfs: initialized
[    0.373498] evm: security.selinux
[    0.374368] evm: security.SMACK64
[    0.374991] evm: security.SMACK64EXEC
[    0.375698] evm: security.SMACK64TRANSMUTE
[    0.376507] evm: security.SMACK64MMAP
[    0.377390] evm: security.ima
[    0.377967] evm: security.capability
[    0.379033] clocksource: jiffies: mask: 0xffffffff max_cycles: 0xffffffff, max_idle_ns: 7645041785100000 ns
[    0.380747] futex hash table entries: 512 (order: 3, 32768 bytes)
[    0.382165] pinctrl core: initialized pinctrl subsystem
[    0.383739] RTC time: 16:41:39, date: 05/21/20
[    0.384946] NET: Registered protocol family 16
[    0.396477] cpuidle: using governor ladder
[    0.408201] cpuidle: using governor menu
[    0.410075] PCCT header not found.
[    0.411407] ACPI: bus type PCI registered
[    0.412967] acpiphp: ACPI Hot Plug PCI Controller Driver version: 0.5
[    0.414684] PCI: Using configuration type 1 for base access
[    0.428756] ACPI: Added _OSI(Module Device)
[    0.430478] ACPI: Added _OSI(Processor Device)
[    0.431905] ACPI: Added _OSI(3.0 _SCP Extensions)
[    0.433367] ACPI: Added _OSI(Processor Aggregator Device)
[    0.435145] ACPI: Executed 1 blocks of module-level executable AML code
[    0.438342] ACPI: Interpreter enabled
[    0.439090] ACPI: (supports S0 S5)
[    0.439820] ACPI: Using IOAPIC for interrupt routing
[    0.440862] PCI: Using host bridge windows from ACPI; if necessary, use "pci=nocrs" and report a bug
[    0.446048] ACPI: PCI Root Bridge [PCI0] (domain 0000 [bus 00-ff])
[    0.447435] acpi PNP0A03:00: _OSC: OS supports [ASPM ClockPM Segments MSI]
[    0.449379] acpi PNP0A03:00: _OSC: not requesting OS control; OS requires [ExtendedConfig ASPM ClockPM MSI]
[    0.451900] acpi PNP0A03:00: fail to add MMCONFIG information, can't access extended PCI configuration space under this bridge.
[    0.454159] PCI host bridge to bus 0000:00
[    0.454910] pci_bus 0000:00: root bus resource [io  0x0000-0x0cf7 window]
[    0.456087] pci_bus 0000:00: root bus resource [io  0x0d00-0xffff window]
[    0.457474] pci_bus 0000:00: root bus resource [mem 0x000a0000-0x000bffff window]
[    0.458910] pci_bus 0000:00: root bus resource [mem 0x40000000-0xfdffffff window]
[    0.460613] pci_bus 0000:00: root bus resource [bus 00-ff]
[    0.463414] pci 0000:00:01.1: legacy IDE quirk: reg 0x10: [io  0x01f0-0x01f7]
[    0.464678] pci 0000:00:01.1: legacy IDE quirk: reg 0x14: [io  0x03f6]
[    0.465765] pci 0000:00:01.1: legacy IDE quirk: reg 0x18: [io  0x0170-0x0177]
[    0.466938] pci 0000:00:01.1: legacy IDE quirk: reg 0x1c: [io  0x0376]
[    0.489909] pci 0000:00:07.0: quirk: [io  0x4000-0x403f] claimed by PIIX4 ACPI
[    0.491387] pci 0000:00:07.0: quirk: [io  0x4100-0x410f] claimed by PIIX4 SMB
[    0.500865] ACPI: PCI Interrupt Link [LNKA] (IRQs 5 9 10 *11)
[    0.502444] ACPI: PCI Interrupt Link [LNKB] (IRQs 5 9 *10 11)
[    0.503903] ACPI: PCI Interrupt Link [LNKC] (IRQs 5 *9 10 11)
[    0.505231] ACPI: PCI Interrupt Link [LNKD] (IRQs 5 9 10 *11)
[    0.506605] ACPI: Enabled 2 GPEs in block 00 to 07
[    0.507882] vgaarb: setting as boot device: PCI:0000:00:02.0
[    0.509384] vgaarb: device added: PCI:0000:00:02.0,decodes=io+mem,owns=io+mem,locks=none
[    0.510836] vgaarb: loaded
[    0.511916] vgaarb: bridge control possible 0000:00:02.0
[    0.513058] SCSI subsystem initialized
[    0.513852] ACPI: bus type USB registered
[    0.514620] usbcore: registered new interface driver usbfs
[    0.515625] usbcore: registered new interface driver hub
[    0.516558] usbcore: registered new device driver usb
[    0.517635] PCI: Using ACPI for IRQ routing
[    0.520371] NetLabel: Initializing
[    0.521049] NetLabel:  domain hash size = 128
[    0.521835] NetLabel:  protocols = UNLABELED CIPSOv4
[    0.522726] NetLabel:  unlabeled traffic allowed by default
[    0.523934] amd_nb: Cannot enumerate AMD northbridges
[    0.525532] clocksource: Switched to clocksource kvm-clock
[    0.534891] AppArmor: AppArmor Filesystem Enabled
[    0.536228] pnp: PnP ACPI init
[    0.538036] pnp: PnP ACPI: found 3 devices
[    0.548145] clocksource: acpi_pm: mask: 0xffffff max_cycles: 0xffffff, max_idle_ns: 2085701024 ns
[    0.550511] NET: Registered protocol family 2
[    0.551722] TCP established hash table entries: 8192 (order: 4, 65536 bytes)
[    0.553001] TCP bind hash table entries: 8192 (order: 5, 131072 bytes)
[    0.554108] TCP: Hash tables configured (established 8192 bind 8192)
[    0.555179] UDP hash table entries: 512 (order: 2, 16384 bytes)
[    0.556178] UDP-Lite hash table entries: 512 (order: 2, 16384 bytes)
[    0.557265] NET: Registered protocol family 1
[    0.558093] pci 0000:00:00.0: Limiting direct PCI/PCI transfers
[    0.559119] pci 0000:00:01.0: Activating ISA DMA hang workarounds
[    0.560290] Unpacking initramfs...
[    0.770625] Freeing initrd memory: 14880K
[    0.771920] clocksource: tsc: mask: 0xffffffffffffffff max_cycles: 0x2135f5e6f15, max_idle_ns: 440795231538 ns
[    0.774383] platform rtc_cmos: registered platform RTC device (no PNP device found)
[    0.776077] Scanning for low memory corruption every 60 seconds
[    0.777497] audit: initializing netlink subsys (disabled)
[    0.778609] audit: type=2000 audit(1590079305.110:1): initialized
[    0.779917] Initialise system trusted keyring
[    0.780901] HugeTLB registered 2 MB page size, pre-allocated 0 pages
[    0.783118] zbud: loaded
[    0.783976] VFS: Disk quotas dquot_6.6.0
[    0.784779] VFS: Dquot-cache hash table entries: 512 (order 0, 4096 bytes)
[    0.786152] squashfs: version 4.0 (2009/01/31) Phillip Lougher
[    0.787401] fuse init (API version 7.23)
[    0.788318] Key type big_key registered
[    0.789065] Allocating IMA MOK and blacklist keyrings.
[    0.790771] Key type asymmetric registered
[    0.791528] Asymmetric key parser 'x509' registered
[    0.792464] Block layer SCSI generic (bsg) driver version 0.4 loaded (major 249)
[    0.793908] io scheduler noop registered
[    0.794639] io scheduler deadline registered (default)
[    0.795602] io scheduler cfq registered
[    0.796415] pci_hotplug: PCI Hot Plug PCI Core version: 0.5
[    0.797375] pciehp: PCI Express Hot Plug Controller Driver version: 0.4
[    0.798851] ACPI: AC Adapter [AC] (on-line)
[    0.800032] input: Power Button as /devices/LNXSYSTM:00/LNXPWRBN:00/input/input0
[    0.801398] ACPI: Power Button [PWRF]
[    0.802470] input: Sleep Button as /devices/LNXSYSTM:00/LNXSLPBN:00/input/input1
[    0.803821] ACPI: Sleep Button [SLPF]
[    0.804749] GHES: HEST is not enabled!
[    0.805786] ACPI: Battery Slot [BAT0] (battery present)
[    0.806749] Serial: 8250/16550 driver, 32 ports, IRQ sharing enabled
[    0.828294] 00:02: ttyS0 at I/O 0x3f8 (irq = 4, base_baud = 115200) is a 16550A
[    0.834225] Linux agpgart interface v0.103
[    0.836882] loop: module loaded
[    0.838117] scsi host0: ata_piix
[    0.838868] scsi host1: ata_piix
[    0.839528] ata1: PATA max UDMA/33 cmd 0x1f0 ctl 0x3f6 bmdma 0xd000 irq 14
[    0.840689] ata2: PATA max UDMA/33 cmd 0x170 ctl 0x376 bmdma 0xd008 irq 15
[    0.842263] libphy: Fixed MDIO Bus: probed
[    0.843074] tun: Universal TUN/TAP device driver, 1.6
[    0.843960] tun: (C) 1999-2004 Max Krasnyansky <maxk@qualcomm.com>
[    0.845617] PPP generic driver version 2.4.2
[    0.846811] ehci_hcd: USB 2.0 'Enhanced' Host Controller (EHCI) Driver
[    0.848498] ehci-pci: EHCI PCI platform driver
[    0.849547] ehci-platform: EHCI generic platform driver
[    0.850735] ohci_hcd: USB 1.1 'Open' Host Controller (OHCI) Driver
[    0.851779] ohci-pci: OHCI PCI platform driver
[    0.852597] ohci-platform: OHCI generic platform driver
[    0.853516] uhci_hcd: USB Universal Host Controller Interface driver
[    0.854671] i8042: PNP: PS/2 Controller [PNP0303:PS2K,PNP0f03:PS2M] at 0x60,0x64 irq 1,12
[    0.856592] serio: i8042 KBD port at 0x60,0x64 irq 1
[    0.857472] serio: i8042 AUX port at 0x60,0x64 irq 12
[    0.858696] mousedev: PS/2 mouse device common for all mice
[    0.860233] input: AT Translated Set 2 keyboard as /devices/platform/i8042/serio0/input/input2
[    0.862181] rtc_cmos rtc_cmos: rtc core: registered rtc_cmos as rtc0
[    0.863310] rtc_cmos rtc_cmos: alarms up to one day, 114 bytes nvram
[    0.864385] i2c /dev entries driver
[    0.865119] device-mapper: uevent: version 1.0.3
[    0.866536] device-mapper: ioctl: 4.34.0-ioctl (2015-10-28) initialised: dm-devel@redhat.com
[    0.868368] ledtrig-cpu: registered to indicate activity on CPUs
[    0.870694] NET: Registered protocol family 10
[    0.872091] NET: Registered protocol family 17
[    0.872908] Key type dns_resolver registered
[    0.874212] registered taskstats version 1
[    0.874986] Loading compiled-in X.509 certificates
[    0.876543] Loaded X.509 cert 'Build time autogenerated kernel key: f33c437cc9123d9712070bdfe932b55b24c56047'
[    0.878935] zswap: loaded using pool lzo/zbud
[    0.882807] Key type trusted registered
[    0.886985] Key type encrypted registered
[    0.887962] AppArmor: AppArmor sha1 policy hashing enabled
[    0.889086] ima: No TPM chip found, activating TPM-bypass!
[    0.890605] ima: Allocated hash algorithm: sha1
[    0.891809] evm: HMAC attrs: 0x1
[    0.893097]   Magic number: 4:402:692
[    0.894206] rtc_cmos rtc_cmos: setting system clock to 2020-05-21 16:41:40 UTC (1590079300)
[    0.895952] BIOS EDD facility v0.16 2004-Jun-25, 0 devices found
[    0.896988] EDD information not available.
[    1.021478] Freeing unused kernel memory: 1488K
[    1.022659] Write protecting the kernel read-only data: 14336k
[    1.024603] Freeing unused kernel memory: 1604K
[    1.025850] Freeing unused kernel memory: 60K
Loading, please wait...
starting version 229
[    1.038454] random: systemd-udevd: uninitialized urandom read (16 bytes read, 3 bits of entropy available)
[    1.039076] random: udevadm: uninitialized urandom read (16 bytes read, 3 bits of entropy available)
[    1.039091] random: udevadm: uninitialized urandom read (16 bytes read, 3 bits of entropy available)
[    1.044211] random: systemd-udevd: uninitialized urandom read (16 bytes read, 3 bits of entropy available)
[    1.045479] random: udevadm: uninitialized urandom read (16 bytes read, 3 bits of entropy available)
[    1.045513] random: udevadm: uninitialized urandom read (16 bytes read, 3 bits of entropy available)
[    1.045662] random: udevadm: uninitialized urandom read (16 bytes read, 3 bits of entropy available)
[    1.045699] random: udevadm: uninitialized urandom read (16 bytes read, 3 bits of entropy available)
[    1.045736] random: udevadm: uninitialized urandom read (16 bytes read, 3 bits of entropy available)
[    1.045773] random: udevadm: uninitialized urandom read (16 bytes read, 3 bits of entropy available)
[    1.084586] e1000: Intel(R) PRO/1000 Network Driver - version 7.3.21-k8-NAPI
[    1.086063] e1000: Copyright (c) 1999-2006 Intel Corporation.
[    1.089404] Fusion MPT base driver 3.04.20
[    1.090501] Copyright (c) 1999-2008 LSI Corporation
[    1.108171] AVX2 version of gcm_enc/dec engaged.
[    1.109638] AES CTR mode by8 optimization enabled
[    1.121754] Fusion MPT SPI Host driver 3.04.20
[    1.299427] input: ImExPS/2 Generic Explorer Mouse as /devices/platform/i8042/serio1/input/input4
[    1.475739] e1000 0000:00:03.0 eth0: (PCI:33MHz:32-bit) 02:c6:94:44:72:8b
[    1.477659] e1000 0000:00:03.0 eth0: Intel(R) PRO/1000 Network Connection
[    1.479974] mptbase: ioc0: Initiating bringup
[    1.542354] ioc0: LSI53C1030 A0: Capabilities={Initiator}
[    1.703531] scsi host2: ioc0: LSI53C1030 A0, FwRev=00000000h, Ports=1, MaxQ=256, IRQ=20
[    1.818688] scsi 2:0:0:0: Direct-Access     VBOX     HARDDISK         1.0  PQ: 0 ANSI: 5
[    1.823091] scsi target2:0:0: Beginning Domain Validation
[    1.825441] scsi target2:0:0: Domain Validation skipping write tests
[    1.826868] scsi target2:0:0: Ending Domain Validation
[    1.828251] scsi target2:0:0: asynchronous
[    1.829876] scsi 2:0:1:0: Direct-Access     VBOX     HARDDISK         1.0  PQ: 0 ANSI: 5
[    1.831937] scsi target2:0:1: Beginning Domain Validation
[    1.834275] scsi target2:0:1: Domain Validation skipping write tests
[    1.836004] scsi target2:0:1: Ending Domain Validation
[    1.837215] scsi target2:0:1: asynchronous
[    1.843052] sd 2:0:0:0: Attached scsi generic sg0 type 0
[    1.851864] sd 2:0:0:0: [sda] 20971520 512-byte logical blocks: (10.7 GB/10.0 GiB)
[    1.854052] sd 2:0:0:0: [sda] Write Protect is off
[    1.855209] sd 2:0:0:0: [sda] Incomplete mode parameter data
[    1.856553] sd 2:0:0:0: [sda] Assuming drive cache: write through
[    1.862406] sd 2:0:1:0: Attached scsi generic sg1 type 0
[    1.863739]  sda: sda1
[    1.865313] sd 2:0:0:0: [sda] Attached SCSI disk
[    1.867542] sd 2:0:1:0: [sdb] 20480 512-byte logical blocks: (10.5 MB/10.0 MiB)
[    1.869664] sd 2:0:1:0: [sdb] Write Protect is off
[    1.870820] sd 2:0:1:0: [sdb] Incomplete mode parameter data
[    1.871827] sd 2:0:1:0: [sdb] Assuming drive cache: write through
[    1.874273] sd 2:0:1:0: [sdb] Attached SCSI disk
[    2.191224] e1000 0000:00:08.0 eth1: (PCI:33MHz:32-bit) 08:00:27:22:47:1c
[    2.192852] e1000 0000:00:08.0 eth1: Intel(R) PRO/1000 Network Connection
[    2.195212] e1000 0000:00:08.0 enp0s8: renamed from eth1
[    2.206143] e1000 0000:00:03.0 enp0s3: renamed from eth0
Begin: Loading essential drivers ... [    3.576755] md: linear personality registered for level -1
[    3.580607] md: multipath personality registered for level -4
[    3.584393] md: raid0 personality registered for level 0
[    3.589505] md: raid1 personality registered for level 1
[    3.661656] raid6: sse2x1   gen() 11934 MB/s
[    3.730077] raid6: sse2x1   xor()  9100 MB/s
[    3.797945] raid6: sse2x2   gen() 15188 MB/s
[    3.865655] raid6: sse2x2   xor() 10292 MB/s
[    3.935061] raid6: sse2x4   gen() 17170 MB/s
[    4.002144] raid6: sse2x4   xor() 11195 MB/s
[    4.070639] raid6: avx2x1   gen() 22440 MB/s
[    4.138829] raid6: avx2x2   gen() 28466 MB/s
[    4.205607] raid6: avx2x4   gen() 28489 MB/s
[    4.206534] raid6: using algorithm avx2x4 gen() 28489 MB/s
[    4.207629] raid6: using avx2x2 recovery algorithm
[    4.209887] xor: automatically using best checksumming function:
[    4.249765]    avx       : 27407.000 MB/sec
[    4.251904] async_tx: api initialized (async)
[    4.262097] md: raid6 personality registered for level 6
[    4.263677] md: raid5 personality registered for level 5
[    4.264826] md: raid4 personality registered for level 4
[    4.272179] md: raid10 personality registered for level 10
done.
Begin: Running /scripts/init-premount ... done.
Begin: Mounting root file system ... Begin: Running /scripts/local-top ... done.
Begin: Running /scripts/local-premount ... [    4.300014] Btrfs loaded
Scanning for Btrfs filesystems
done.
Warning: fsck not present, so skipping root file system
[    4.324455] EXT4-fs (sda1): mounted filesystem with ordered data mode. Opts: (null)
done.
Begin: Running /scripts/local-bottom ... done.
Begin: Running /scripts/init-bottom ... done.
[    4.413199] systemd[1]: systemd 229 running in system mode. (+PAM +AUDIT +SELINUX +IMA +APPARMOR +SMACK +SYSVINIT +UTMP +LIBCRYPTSETUP +GCRYPT +GNUTLS +ACL +XZ -LZ4 +SECCOMP +BLKID +ELFUTILS +KMOD -IDN)
[    4.416333] systemd[1]: Detected virtualization oracle.
[    4.417264] systemd[1]: Detected architecture x86-64.

Welcome to [1mUbuntu 16.04.6 LTS[0m!

[    4.421357] systemd[1]: Set hostname to <ubuntu>.
[    4.424342] systemd[1]: Initializing machine ID from random generator.
[    4.425478] systemd[1]: Installed transient /etc/machine-id file.
[    4.529693] systemd[1]: Created slice System Slice.
[[0;32m  OK  [0m] Created slice System Slice.
[    4.531504] systemd[1]: Set up automount Arbitrary Executable File Formats File System Automount Point.
[[0;32m  OK  [0m] Set up automount Arbitrary Executab...ats File System Automount Point.
[    4.534365] systemd[1]: Listening on Device-mapper event daemon FIFOs.
[[0;32m  OK  [0m] Listening on Device-mapper event daemon FIFOs.
[    4.536550] systemd[1]: Listening on LVM2 metadata daemon socket.
[[0;32m  OK  [0m] Listening on LVM2 metadata daemon socket.
[    4.538708] systemd[1]: Created slice system-serial\x2dgetty.slice.
[[0;32m  OK  [0m] Created slice system-serial\x2dgetty.slice.
[    4.540646] systemd[1]: Reached target Swap.
[[0;32m  OK  [0m] Reached target Swap.
[    4.542150] systemd[1]: Listening on udev Kernel Socket.
[[0;32m  OK  [0m] Listening on udev Kernel Socket.
[    4.543861] systemd[1]: Listening on udev Control Socket.
[[0;32m  OK  [0m] Listening on udev Control Socket.
[    4.545650] systemd[1]: Listening on Journal Socket.
[[0;32m  OK  [0m] Listening on Journal Socket.
[    4.562391] systemd[1]: Starting Remount Root and Kernel File Systems...
         Starting Remount Root and Kernel File Systems...
[    4.567222] EXT4-fs (sda1): re-mounted. Opts: (null)
[    4.570333] systemd[1]: Mounting POSIX Message Queue File System...
         Mounting POSIX Message Queue File System...
[    4.582147] systemd[1]: Starting Load Kernel Modules...
         Starting Load Kernel Modules...
[    4.585191] systemd[1]: Mounting Debug File System...
         Mounting Debug File System...
[    4.589927] systemd[1]: Starting Nameserver information manager...
         Starting Nameserver information manager...
[    4.593085] systemd[1]: Starting Uncomplicated firewall...

    4.594542] Loading iSCSI transport class v2.0-870.
         Starting Uncomplicated firewall...
[    4.596329] systemd[1]: Reached target System Time Synchronized.
[[0;32m  OK  [0m] Reached target System Time Synchronized.
[    4.599407] systemd[1]: Started Forward Password Requests to Wall Directory Watch.
[[0;32m  OK  [0m] Started Forward Password Requests to Wall Directory Watch.
[    4.602200] systemd[1]: Starting Monitoring of LVM2 mirrors, snapshots etc. using dmeventd or progress polling...
[    4.604299] iscsi: registered transport (tcp)
         Starting Monitoring of LVM2 mirrors... dmeventd or progress polling...
[    4.613725] systemd[1]: Started Trigger resolvconf update for networkd DNS.
[[0;32m  OK  [0m] Started Trigger resolvconf update for networkd DNS.
[    4.616183] systemd[1]: Listening on Journal Audit Socket.
[[0;32m  OK  [0m] Listening on Journal Audit Socket.
[    4.618384] systemd[1]: Listening on LVM2 poll daemon socket.
[[0;32m  OK  [0m] Listening on LVM2 poll daemon socket.
[    4.622285] systemd[1]: Reached target User and Group Name Lookups.
[[0;32m  OK  [0m] Reached target User and Group Name Lookups.
[    4.625481] systemd[1]: Starting Set console keymap...
         Starting Set console keymap...
[    4.627912] systemd[1]: Listening on Journal Socket (/dev/log).
[[0;32m  OK  [0m] Listening on Journal Socket (/dev/log).
[    4.629996] systemd[1]: Reached target Encrypted Volumes.
[[0;32m  OK  [0m] Reached target Encrypted Volumes.
[    4.632429] systemd[1]: Listening on Syslog Socket.
[[0;32m  OK  [0m] Listening on Syslog Socket.
[    4.635164] systemd[1]: Starting Journal Service...
         Starting Journal Service...
[    4.637342] systemd[1]: Listening on /dev/initctl Compatibility Named Pipe.
[[0;32m  OK  [0m] Listening on /dev/initctl Compatibility Named Pipe.
[    4.640652] systemd[1]: Created slice User and Session Slice.
[[0;32m  OK  [0m] Created slice User and Session Slice.
[    4.644723] systemd[1]: Reached target Slices.
[[0;32m  OK  [0m] Reached target Slices.
[    4.646918] systemd[1]: Mounting Huge Pages File System...
         Mounting Huge Pages File System...
[    4.649911] systemd[1]: Starting Create list of required static device nodes for the current kernel...
         Starting Create list of required st... nodes for the current kernel...
[    4.661846] iscsi: registered transport (iser)
[    4.664669] systemd[1]: Mounted Huge Pages File System.
[[0;32m  OK  [0m] Mounted Huge Pages File System.
[    4.666835] systemd[1]: Mounted POSIX Message Queue File System.
[[0;32m  OK  [0m] Mounted POSIX Message Queue File System.
[    4.668719] systemd[1]: Mounted Debug File System.
[[0;32m  OK  [0m] Mounted Debug File System.
[    4.670718] systemd[1]: Started Remount Root and Kernel File Systems.
[[0;32m  OK  [0m] Started Remount Root and Kernel File Systems.
[    4.678831] systemd[1]: Started Load Kernel Modules.
[[0;32m  OK  [0m] Started Load Kernel Modules.
[    4.702645] systemd[1]: Started Uncomplicated firewall.
[[0;32m  OK  [0m] Started Uncomplicated firewall.
[    4.705450] systemd[1]: Started Set console keymap.
[[0;32m  OK  [0m] Started Set console keymap.
[    4.707971] systemd[1]: Started Create list of required static device nodes for the current kernel.
[[0;32m  OK  [0m] Started Create list of required sta...ce nodes for the current kernel.
[    4.722407] systemd[1]: Started Nameserver information manager.
[[0;32m  OK  [0m] Started Nameserver information manager.
[    4.726348] systemd[1]: Started Journal Service.
[[0;32m  OK  [0m] Started Journal Service.
[[0;32m  OK  [0m] Started LVM2 metadata daemon.
         Starting Create Static Device Nodes in /dev...
         Starting Apply Kernel Variables...
         Mounting FUSE Control File System...
         Starting Load/Save Random Seed...
         Starting udev Coldplug all Devices...
         Starting Flush Journal to Persistent Storage...
[[0;32m  OK  [0m] Mounted FUSE Control File System.
[[0;32m  OK  [0m] Started Load/Save Random Seed.
[[0;32m  OK  [0m] Started Apply Kernel Variables.
[[0;32m  OK  [0m] Started Flush Journal to Persistent Storage.
[[0;32m  OK  [0m] Started Create Static Device Nodes in /dev.
         Starting udev Kernel Device Manager...
[[0;32m  OK  [0m] Started udev Kernel Device Manager.
[[0;32m  OK  [0m] Started udev Coldplug all Devices.
[[0;32m  OK  [0m] Started Dispatch Password Requests to Console Directory Watch.
[[0;32m  OK  [0m] Found device /dev/ttyS0.
[[0;32m  OK  [0m] Listening on Load/Save RF Kill Switch Status /dev/rfkill Watch.
[[0;32m  OK  [0m] Started Monitoring of LVM2 mirrors,...ng dmeventd or progress polling.
[[0;32m  OK  [0m] Reached target Local File Systems (Pre).
[[0;32m  OK  [0m] Reached target Local File Systems.
         Starting Create Volatile Files and Directories...
         Starting Set console font and keymap...
         Starting Tell Plymouth To Write Out Runtime Data...
         Starting LSB: AppArmor initialization...
         Starting Commit a transient machine-id on disk...
         Starting Initial cloud-init job (pre-networking)...
[[0;32m  OK  [0m] Started Create Volatile Files and Directories.
         Starting Update UTMP about System Boot/Shutdown...
[[0;32m  OK  [0m] Started Tell Plymouth To Write Out Runtime Data.
[[0;32m  OK  [0m] Started Update UTMP about System Boot/Shutdown.
[[0;32m  OK  [0m] Started Commit a transient machine-id on disk.
[[0;32m  OK  [0m] Started LSB: AppArmor initialization.
[    5.853933] cloud-init[569]: Cloud-init v. 19.4-33-gbb4131a2-0ubuntu1~16.04.1 running 'init-local' at Thu, 21 May 2020 16:41:45 +0000. Up 5.43 seconds.
[[0;32m  OK  [0m] Started Initial cloud-init job (pre-networking).
[[0;32m  OK  [0m] Reached target Network (Pre).
         Starting Raise network interfaces...
[[0;32m  OK  [0m] Started Set console font and keymap.
[[0;32m  OK  [0m] Created slice system-getty.slice.
[[0;32m  OK  [0m] Started Raise network interfaces.
[[0;32m  OK  [0m] Reached target Network.
         Starting Initial cloud-init job (metadata service crawler)...
[    6.904173] cloud-init[968]: Cloud-init v. 19.4-33-gbb4131a2-0ubuntu1~16.04.1 running 'init' at Thu, 21 May 2020 16:41:46 +0000. Up 6.43 seconds.
[    6.912403] cloud-init[968]: ci-info: ++++++++++++++++++++++++++++++++++++++Net device info+++++++++++++++++++++++++++++++++++++++
[    6.913702] cloud-init[968]: ci-info: +--------+-------+----------------------------+---------------+--------+-------------------+
[    6.914888] cloud-init[968]: ci-info: | Device |   Up  |          Address           |      Mask     | Scope  |     Hw-Address    |
[    6.916237] cloud-init[968]: ci-info: +--------+-------+----------------------------+---------------+--------+-------------------+
[    6.928457] cloud-init[968]: ci-info: | enp0s3 |  True |         10.0.2.15          | 255.255.255.0 | global | 02:c6:94:44:72:8b |
[    6.936504] cloud-init[968]: ci-info: | enp0s3 |  True | fe80::c6:94ff:fe44:728b/64 |       .       |  link  | 02:c6:94:44:72:8b |
[    6.948701] cloud-init[968]: ci-info: | enp0s8 | False |             .              |       .       |   .    | 08:00:27:22:47:1c |
[[0;32m  OK  [0m] Started Initial cloud-init job (metadata service crawler).
[    6.948839] cloud-init[968]: ci-info: |   lo   |  True |         127.0.0.1          |   255.0.0.0   |  host  |         .         |
[    6.960961] cloud-init[968]: ci-info: |   lo   |  True |          ::1/128           |       .       |  host  |         .         |
[    6.961265] cloud-init[968]: ci-info: +--------+-------+----------------------------+---------------+--------+-------------------+
[    6.961362] cloud-init[968]: ci-info: +++++++++++++++++++++++++++Route IPv4 info++++++++++++++++++++++++++++
[[0;32m  OK  [0m] Reached target Network is Online.
[    6.961451] cloud-init[968]: ci-info: +-------+-------------+----------+---------------+-----------+-------+
[    6.967918] cloud-init[968]: ci-info: | Route | Destination | Gateway  |    Genmask    | Interface | Flags |
[    6.969344] cloud-init[968]: ci-info: +-------+-------------+----------+---------------+-----------+-------+
[    6.970677] cloud-init[968]: ci-info: |   0   |   0.0.0.0   | 10.0.2.2 |    0.0.0.0    |   enp0s3  |   UG  |
         Starting iSCSI initiator daemon (iscsid)...
[[0;32m  OK  [0m] Reached target System Initialization.
[    6.976142] [[0;32m  OK  [0m] Started Daily apt download activities.
         Starting Socket activation for snappy daemon.
[[0;32m  OK  [0m] Started Daily Cleanup of Temporary Directories.
[[0;32m  OK  [0m] Listening on ACPID Listen Socket.
         Starting LXD - unix socket.
[[0;32m  OK  [0m] Listening on D-Bus System Message Bus Socket.
[[0;32m  OK  [0m] Started Daily apt upgrade and clean activities.
[[0;32m  OK  [0m] Started ACPI Events Check.
[[0;32m  OK  [0m] Reached target Paths.
[[0;32m  OK  [0m] Started Message of the Day.
[[0;32m  OK  [0m] Reached target Timers.
[[0;32m  OK  [0m] Listening on UUID daemon activation socket.
[[0;32m  OK  [0m] Reached target Cloud-config availability.
[[0;32m  OK  [0m] Listening on Socket activation for snappy daemon.
cloud-init[968]: ci-info: |   1   |   10.0.2.0  | 0.0.0.0  | 255.255.255.0 |   enp0s3  |   U   |
[    6.985200] cloud-init[968]: ci-info: +-------+-------------+----------+---------------+-----------+-------+
[    6.986585] cloud-init[968]: ci-info: +++++++++++++++++++Route IPv6 info+++++++++++++++++++
[    6.986779] cloud-init[968]: ci-info: +-------+-------------+---------+-----------+-------+
[    6.987224] cloud-init[968]: ci-info: | Route | Destination | Gateway | Interface | Flags |
[    6.987661] cloud-init[968]: ci-info: +-------+-------------+---------+-----------+-------+
[    6.988272] cloud-init[968]: ci-info: |   0   |  fe80::/64  |    ::   |   enp0s3  |   U   |
[    6.988865] cloud-init[968]: ci-info: |   3   |   ff00::/8  |    ::   |   enp0s3  |   U   |
[    6.989297] cloud-init[968]: ci-info: +-------+-------------+---------+-----------+-------+
[    6.989731] cloud-init[968]: Generating public/private rsa key pair.
[    6.990172] cloud-init[968]: Your identification has been saved in /etc/ssh/ssh_host_rsa_key.
[    6.990531] cloud-init[968]: Your public key has been saved in /etc/ssh/ssh_host_rsa_key.pub.
[    6.990979] cloud-init[968]: The key fingerprint is:
[    6.991315] cloud-init[968]: SHA256:R0wq3FEzCwQhrUBfpV2RIGoAhFBVgDtAj9UCrxXF2zc root@ubuntu-xenial
[    6.991754] cloud-init[968]: The key's randomart image is:
[    6.992206] cloud-init[968]: +---[RSA 2048]----+
[    6.992255] cloud-init[968]: |BB==B=*=*oBo     |
[    6.992282] cloud-init[968]: |o B+.B.= B.+     |
[[0;32m  OK  [0m] Listening on LXD - unix socket.
[    6.992358] cloud-init[968]: | o *=.* + +      |
[    7.000647] cloud-init[968]: |  =... o E       |
[    7.000777] cloud-init[968]: | . .    S o      |
[    7.001218] cloud-init[968]: |         .       |
[    7.001637] cloud-init[968]: |                 |
[    7.002075] cloud-init[968]: |                 |
[    7.002514] cloud-init[968]: |                 |
[    7.002950] cloud-init[968]: +----[SHA256]-----+
[    7.003390] cloud-init[968]: Generating public/private dsa key pair.
[    7.003835] cloud-init[968]: Your identification has been saved in /etc/ssh/ssh_host_dsa_key.
[    7.004460] cloud-init[968]: Your public key has been saved in /etc/ssh/ssh_host_dsa_key.pub.
[    7.004883] cloud-init[968]: The key fingerprint is:
[    7.005327] cloud-init[968]: SHA256:vkVfY/PpeujAYtElpqFRF8ORkm7Y4LcB25LqdkYz6Pk root@ubuntu-xenial
[    7.005743] cloud-init[968]: The key's randomart image is:
[    7.006079] cloud-init[968]: +---[DSA 1024]----+
[    7.006525] cloud-init[968]: |         .o=+    |
[    7.006647] cloud-init[968]: |       o.o.o.    |
[    7.006755] cloud-init[968]: |      ..X..o .   |
[    7.007138] cloud-init[968]: |       *oB= o    |
[    7.007756] cloud-init[968]: |      o.So+.  =  |
[    7.008548] cloud-init[968]: |     o = oo. o +.|
[    7.008974] cloud-init[968]: |    o o +o.o. ...|
[    7.009399] cloud-init[968]: |     = o.o. .... |
[    7.009827] cloud-init[968]: |    . +E.   .oo. |
[    7.010462] cloud-init[968]: +----[SHA256]-----+
[    7.010911] cloud-init[968]: Generating public/private ecdsa key pair.
[    7.011327] cloud-init[968]: Your identification has been saved in /etc/ssh/ssh_host_ecdsa_key.
[    7.011513] cloud-init[968]: Your public key has been saved in /etc/ssh/ssh_host_ecdsa_key.pub.
[[0;32m  OK  [0m] Reached target Sockets.
[    7.011737] cloud-init[968]: The key fingerprint is:
[    7.017147] cloud-init[968]: SHA256:tTmbYFaCG8mPJwvETJdYauFGHp5/ptrrhkwTrWU+Mlk root@ubuntu-xenial
[    7.017294] cloud-init[968]: The key's randomart image is:
[    7.017739] cloud-init[968]: +---[ECDSA 256]---+
[    7.018180] cloud-init[968]: |    =oo.         |
[    7.018584] cloud-init[968]: |   O.B.o         |
[    7.019010] cloud-init[968]: |    %.= . o      |
[    7.019459] cloud-init[968]: |   +..E= + o     |
[    7.019556] cloud-init[968]: |    .O= S +      |
[[0;32m  OK  [0m] Reached target Basic System.
[    7.019982] cloud-init[968]: |    B.oX . +     |
[    7.032619] cloud-init[968]: |   o =o.  o      |
[    7.033733] cloud-init[968]: |    oo.          |
[    7.034535] cloud-init[968]: |    .o+.         |
[    7.035546] cloud-init[968]: +----[SHA256]-----+
[    7.040434] cloud-init[968]: Generating public/private ed25519 key pair.
[    7.040734] cloud-init[968]: Your identification has been saved in /etc/ssh/ssh_host_ed25519_key.
[    7.041234] cloud-init[968]: Your public key has been saved in /etc/ssh/ssh_host_ed25519_key.pub.
[    7.041803] cloud-init[968]: The key fingerprint is:
[    7.042130] cloud-init[968]: SHA256:4MFk+DenSuAJsHbTh+XCXyTsWMiMY1pn5kwT0QF52mg root@ubuntu-xenial
[    7.042642] cloud-init[968]: The key's randomart image is:
[    7.043120] cloud-init[968]: +--[ED25519 256]--+
[    7.043471] cloud-init[968]: |    +=@..        |
[[0;32m  OK  [0m] Started FUSE filesystem for LXC.
[    7.043678] cloud-init[968]: |.  =.# B .       |
[    7.047861] cloud-init[968]: | o+ @.^ o        |
[    7.049521] cloud-init[968]: |.o.o.E.Bo..      |
[    7.049698] cloud-init[968]: |. .ooo=.S+       |
[    7.050125] cloud-init[968]: |    o ...        |
[    7.050451] cloud-init[968]: |     . .         |
[    7.050799] cloud-init[968]: |      .          |
[    7.050829] cloud-init[968]: |                 |
[    7.050856] cloud-init[968]: +----[SHA256]-----+
         Starting LXD - container startup/shutdown...
         Starting Pollinate to seed the pseudo random number generator...
[[0;32m  OK  [0m] Started D-Bus System Message Bus.
[[0;32m  OK  [0m] Started Deferred execution scheduler.
         Starting Login Service...
[[0;32m  OK  [0m] Started Regular background program processing daemon.
[[0;32m  OK  [0m] Started ACPI event daemon.
         Starting LSB: Record successful boot for GRUB...
         Starting Snappy daemon...
         Starting System Logging Service...
         Starting /etc/rc.local Compatibility...
         Starting LSB: MD monitoring daemon...
         Starting Accounts Service...
         Starting Virtualbox guest utils...
[[0;32m  OK  [0m] Started /etc/rc.local Compatibility.
[[0;32m  OK  [0m] Started iSCSI initiator daemon (iscsid).
[[0;32m  OK  [0m] Started Login Service.
[[0;32m  OK  [0m] Started Unattended Upgrades Shutdown.
         Starting Login to default iSCSI targets...
[[0;32m  OK  [0m] Started System Logging Service.
[[0;32m  OK  [0m] Started LSB: Record successful boot for GRUB.
[[0;32m  OK  [0m] Started Login to default iSCSI targets.
[[0;32m  OK  [0m] Reached target Remote File Systems (Pre).
[[0;32m  OK  [0m] Reached target Remote File Systems.
         Starting LSB: daemon to balance interrupts for SMP systems...
         Starting Permit User Sessions...
         Starting LSB: automatic crash report generation...
         Starting LSB: Set the CPU Frequency Scaling governor to "ondemand"...
[[0;32m  OK  [0m] Started LXD - container startup/shutdown.
[[0;32m  OK  [0m] Started LSB: MD monitoring daemon.
[[0;32m  OK  [0m] Started Permit User Sessions.
         Starting Authenticate and Authorize Users to Run Privileged Tasks...
         Starting Terminate Plymouth Boot Screen...
         Starting Hold until boot process finishes up...
[[0;32m  OK  [0m] Started Hold until boot process finishes up.
[[0;32m  OK  [0m] Started LSB: Set the CPU Frequency Scaling governor to "ondemand".
[[0;32m  OK  [0m] Started Serial Getty on ttyS0.
[[0;32m  OK  [0m] Started Getty on tty1.
[[0;32m  OK  [0m] Reached target Login Prompts.
         Starting Set console scheme...
[[0;32m  OK  [0m] Started LSB: daemon to balance interrupts for SMP systems.
[[0;32m  OK  [0m] Started Terminate Plymouth Boot Screen.
[[0;32m  OK  [0m] Started Set console scheme.
[[0;32m  OK  [0m] Started Authenticate and Authorize Users to Run Privileged Tasks.
[[0;32m  OK  [0m] Started Accounts Service.
[[0;32m  OK  [0m] Started LSB: automatic crash report generation.
[[0;32m  OK  [0m] Started Virtualbox guest utils.
[[0;32m  OK  [0m] Started Snappy daemon.
         Starting Wait until snapd is fully seeded...
[[0;32m  OK  [0m] Started Pollinate to seed the pseudo random number generator.
         Starting OpenBSD Secure Shell server...
[[0;32m  OK  [0m] Started OpenBSD Secure Shell server.
[[0;32m  OK  [0m] Created slice User Slice of vagrant.
         Starting User Manager for UID 1000...
[[0;32m  OK  [0m] Started Session 1 of user vagrant.
[[0;32m  OK  [0m] Started User Manager for UID 1000.
[   13.032127] cloud-init[1497]: Generating locales (this might take a while)...

Ubuntu 16.04.6 LTS ubuntu-xenial ttyS0

ubuntu-xenial login: [   13.684233] cloud-init[1497]:   en_US.UTF-8... done
[   13.686396] cloud-init[1497]: Generation complete.
[   13.918490] cloud-init[1497]: Cloud-init v. 19.4-33-gbb4131a2-0ubuntu1~16.04.1 running 'modules:config' at Thu, 21 May 2020 16:41:52 +0000. Up 12.95 seconds.
ci-info: no authorized SSH keys fingerprints found for user ubuntu.
<14>May 21 16:41:54 ec2: 
<14>May 21 16:41:54 ec2: #############################################################
<14>May 21 16:41:54 ec2: -----BEGIN SSH HOST KEY FINGERPRINTS-----
<14>May 21 16:41:54 ec2: 1024 SHA256:vkVfY/PpeujAYtElpqFRF8ORkm7Y4LcB25LqdkYz6Pk root@ubuntu-xenial (DSA)
<14>May 21 16:41:54 ec2: 256 SHA256:tTmbYFaCG8mPJwvETJdYauFGHp5/ptrrhkwTrWU+Mlk root@ubuntu-xenial (ECDSA)
<14>May 21 16:41:54 ec2: 256 SHA256:4MFk+DenSuAJsHbTh+XCXyTsWMiMY1pn5kwT0QF52mg root@ubuntu-xenial (ED25519)
<14>May 21 16:41:54 ec2: 2048 SHA256:R0wq3FEzCwQhrUBfpV2RIGoAhFBVgDtAj9UCrxXF2zc root@ubuntu-xenial (RSA)
<14>May 21 16:41:54 ec2: -----END SSH HOST KEY FINGERPRINTS-----
<14>May 21 16:41:54 ec2: #############################################################
-----BEGIN SSH HOST KEY KEYS-----
ecdsa-sha2-nistp256 AAAAE2VjZHNhLXNoYTItbmlzdHAyNTYAAAAIbmlzdHAyNTYAAABBBDJjT8oAECIQdfe+HvODe51YK03Kl6oW9+h+DRZFYxTQf6trNHsF+mnj4yZe3hUomk/7kzhM0uWMU7X/7fREkqk= root@ubuntu-xenial
ssh-ed25519 AAAAC3NzaC1lZDI1NTE5AAAAIL+yTIr3LO6IRDzL73dpterY0Ejk4AGbfqusw4uJDECE root@ubuntu-xenial
ssh-rsa AAAAB3NzaC1yc2EAAAADAQABAAABAQDSx2XAv9XvdlrrDW5EDNXw0higSPTHlX+LPDoeUUnWr6w7HdeC/1CAtPyYx8Vej2kyW2ZMMCoD14ao9AsE2Yxh0F34GeaxJvtibMjRSZinCmVBNPG1bxNNoOrzYJvRNpPO05QKPuzH4tVrj+aVahV4fZzmPZLazfa3MFQRXk43u30d4YD63DwyRXwH1cK6DEGv8wr3JlZ6vsa+IgLlf/uHnn9n32+J/f5wwJnuH+Mjsxy5YCiUR+ikSXTWCp3tIOupwelkvU741usphaGgc2Fe588kOnECT2tVMXMqJAlWqJ9AVUz9KO230e03mmz6J6F5SGFllhtoeGGIJe+T8zuR root@ubuntu-xenial
-----END SSH HOST KEY KEYS-----
[   14.288975] cloud-init[1662]: Cloud-init v. 19.4-33-gbb4131a2-0ubuntu1~16.04.1 running 'modules:final' at Thu, 21 May 2020 16:41:53 +0000. Up 14.17 seconds.
[   14.289177] cloud-init[1662]: ci-info: no authorized SSH keys fingerprints found for user ubuntu.
[   14.289723] cloud-init[1662]: Cloud-init v. 19.4-33-gbb4131a2-0ubuntu1~16.04.1 finished at Thu, 21 May 2020 16:41:54 +0000. Datasource DataSourceNoCloud [seed=/dev/sdb][dsmode=net].  Up 14.28 seconds
